>>> BaseGeometry = __import__('7-base_geometry').BaseGeometry
>>> bg = BaseGeometry()
>>> bg.area()
Traceback (most recent call last):
Exception: area() is not implemented
>>> bg.integer_validator()
Traceback (most recent call last):
TypeError: integer_validator() missing 2 required positional arguments: 'name' and 'value'
>>> bg.integer_validator("name", "89")
Traceback (most recent call last):
TypeError: name must be an integer
>>> bg.integer_validator("name", 89)
>>> bg.integer_validator("name", 0)
Traceback (most recent call last):
ValueError: name must be greater than 0
>>> bg.integer_validator("name", -5)
Traceback (most recent call last):
ValueError: name must be greater than 0
>>> bg.integer_validator(50)
Traceback (most recent call last):
TypeError: integer_validator() missing 1 required positional argument: 'value'
>>> docstr = bg.__doc__
>>> len(docstr) > 1
True
>>> f = __import__('7-base_geometry').BaseGeometry.integer_validator.__doc__
>>> len(f) > 1
True
>>> bg.integer_validator("string", 10.89)
Traceback (most recent call last):
	...
TypeError: string must be an integer
