>>> lazy_matrix_mul = __import__('101-lazy_matrix_mul').lazy_matrix_mul
>>> lazy_matrix_mul("hi", [[1, 2, 3]])
Traceback (most recent call last):
	...
ValueError: Scalar operands are not allowed, use '*' instead
>>> lazy_matrix_mul([[1, 2, 3]], "hi")
Traceback (most recent call last):
	...
ValueError: Scalar operands are not allowed, use '*' instead
>>> lazy_matrix_mul([], [[4, 5, 6], [7, 8, 9]])
Traceback (most recent call last):
	...
ValueError: shapes (0,) and (2,3) not aligned: 0 (dim 0) != 2 (dim 0)
>>> lazy_matrix_mul([[4, 5, 6], [7, 8, 9]], [])
Traceback (most recent call last):
	...
ValueError: shapes (2,3) and (0,) not aligned: 3 (dim 1) != 0 (dim 0)
>>> lazy_matrix_mul([[1, 2, "hi"], [4, 1, 1]], [[1, 10, 3], [9, 8, 6]])
Traceback (most recent call last):
	...
ValueError: shapes (2,3) and (2,3) not aligned: 3 (dim 1) != 2 (dim 0)
>>> lazy_matrix_mul([[1, 10, 3], [9, 8, 6]], [[1, 2, "hi"], [4, 1, 1]])
Traceback (most recent call last):
	...
ValueError: shapes (2,3) and (2,3) not aligned: 3 (dim 1) != 2 (dim 0)
>>> lazy_matrix_mul([[1, 2, 3], [4, 5]], [[1, 2, 3], [4, 5, 6]])
Traceback (most recent call last):
	...
ValueError: setting an array element with a sequence.
>>> lazy_matrix_mul([[1, 2, 3], [4, 5, 6]], [[1, 2, 3], [4, 5]])
Traceback (most recent call last):
	...
ValueError: setting an array element with a sequence.
>>> lazy_matrix_mul([[1, 2, 3]], [[1, 2, 3], [4, 5, 6]])
Traceback (most recent call last):
	...
ValueError: shapes (1,3) and (2,3) not aligned: 3 (dim 1) != 2 (dim 0)
>>> lazy_matrix_mul([[1, 2, 3]])
Traceback (most recent call last):
	...
TypeError: lazy_matrix_mul() missing 1 required positional argument: 'm_b'
>>> lazy_matrix_mul()
Traceback (most recent call last):
	...
TypeError: lazy_matrix_mul() missing 2 required positional arguments: 'm_a' and 'm_b'
