>>> text_indentation = __import__('5-text_indentation').text_indentation
>>> text_indentation("elit. modo?hoc:")
elit.
<BLANKLINE>
modo?
<BLANKLINE>
hoc:
<BLANKLINE>
>>> text_indentation(5)
Traceback (most recent call last):
	...
TypeError: text must be a string
>>> text_indentation("hi")
hi
>>> text_indentation(" ")
>>> text_indentation()
Traceback (most recent call last):
	...
TypeError: text_indentation() missing 1 required positional argument: 'text'
